src/nhra_game_theory/calibration/bayesian.py:9: error: Function is missing a
return type annotation  [no-untyped-def]
    def nhra_model(years: jnp.ndarray, observed_data: dict[str, jnp.ndarra...
    ^
src/nhra_game_theory/calibration/bayesian.py:25: error: Function is missing a
type annotation  [no-untyped-def]
        def transition_fn(state, year):
        ^
src/nhra_game_theory/calibration/bayesian.py:40: error: Function is missing a
type annotation  [no-untyped-def]
    def run_inference(years, data, num_samples=1000, num_warmup=500):
    ^
src/nhra_game_theory/legacy_engine.py:209: error: Function is missing a type
annotation  [no-untyped-def]
            def _pick(game):
            ^
src/nhra_game_theory/legacy_engine.py:217: error: Call to untyped function
"_pick" in typed context  [no-untyped-call]
            DEF = _pick(definition_game(gp))
                  ^~~~~~~~~~~~~~~~~~~~~~~~~~
src/nhra_game_theory/legacy_engine.py:218: error: Call to untyped function
"_pick" in typed context  [no-untyped-call]
            BARG = _pick(bargaining_game(gp))
                   ^~~~~~~~~~~~~~~~~~~~~~~~~~
src/nhra_game_theory/legacy_engine.py:219: error: Call to untyped function
"_pick" in typed context  [no-untyped-call]
            SHIFT = _pick(cost_shifting_game(gp))
                    ^~~~~~~~~~~~~~~~~~~~~~~~~~~~~
src/nhra_game_theory/legacy_engine.py:220: error: Call to untyped function
"_pick" in typed context  [no-untyped-call]
            DISC = _pick(discharge_coordination_game(gp))
                   ^~~~~~~~~~~~~~~~~~~~~~~~~~~~~~~~~~~~~~
src/nhra_game_theory/legacy_engine.py:221: error: Call to untyped function
"_pick" in typed context  [no-untyped-call]
            GOV = _pick(governance_integration_game(gp))
                  ^~~~~~~~~~~~~~~~~~~~~~~~~~~~~~~~~~~~~~
src/nhra_game_theory/legacy_engine.py:222: error: Call to untyped function
"_pick" in typed context  [no-untyped-call]
            COMP = _pick(compliance_game(gp))
                   ^~~~~~~~~~~~~~~~~~~~~~~~~~
src/nhra_game_theory/engine.py:655: error: Argument 2 to "replace" of "Params"
has incompatible type "**dict[str, float]"; expected "bool"  [arg-type]
                p = replace(base, **{param: float(v)}) if hasattr(base, pa...
                                    ^~~~~~~~~~~~~~~~~
src/nhra_game_theory/engine.py:655: error: Argument 2 to "replace" of "Params"
has incompatible type "**dict[str, float]"; expected "str"  [arg-type]
                p = replace(base, **{param: float(v)}) if hasattr(base, pa...
                                    ^~~~~~~~~~~~~~~~~
src/nhra_game_theory/engine.py:655: error: Argument 2 to "replace" of "Params"
has incompatible type "**dict[str, float]"; expected "DataFrame | None" 
[arg-type]
                p = replace(base, **{param: float(v)}) if hasattr(base, pa...
                                    ^~~~~~~~~~~~~~~~~
src/nhra_game_theory/domain/aihw_api.py:14: error: Function is missing a return
type annotation  [no-untyped-def]
        def __init__(self):
        ^
src/nhra_game_theory/domain/aihw_api.py:14: note: Use "-> None" if function does not return a value
src/nhra_game_theory/domain/aihw_api.py:34: error: Returning Any from function
declared to return "list[dict[str, Any]]"  [no-any-return]
            return self._get("/measures")
            ^~~~~~~~~~~~~~~~~~~~~~~~~~~~~
src/nhra_game_theory/domain/aihw_api.py:44: error: Returning Any from function
declared to return "list[dict[str, Any]]"  [no-any-return]
            return self._get("/reporting-units")
            ^~~~~~~~~~~~~~~~~~~~~~~~~~~~~~~~~~~~
src/nhra_game_theory/plotting.py:75: error: Argument 1 to "float" has
incompatible type
"str | bytes | date | datetime | timedelta | <7 more items> | complex | integer[Any] | floating[Any] | complexfloating[Any, Any]";
expected "str | Buffer | SupportsFloat | SupportsIndex"  [arg-type]
            rho = float(df[[p, outcome_col]].corr(method="spearman").iloc[...
                        ^~~~~~~~~~~~~~~~~~~~~~~~~~~~~~~~~~~~~~~~~~~~~~~~~~...
src/nhra_game_theory/plotting.py:92: error: Missing type parameters for generic
type "DiGraph"  [type-arg]
    def build_games_graph() -> nx.DiGraph:
                               ^
src/nhra_game_theory/plotting.py:96: error: Need type annotation for "G" 
[var-annotated]
        G = nx.DiGraph()
            ^~~~~~~~~~~~
src/nhra_game_theory/plotting.py:118: error: Missing type parameters for
generic type "DiGraph"  [type-arg]
    ...ames_graph_interactive(outpath_html: Path) -> tuple[nx.DiGraph, Path]:
                                                           ^
src/nhra_game_theory/domain/validation.py:96: error: Argument 1 to "int" has
incompatible type
"str | bytes | date | datetime | timedelta | <7 more items> | complex | integer[Any] | floating[Any] | complexfloating[Any, Any]";
expected "str | Buffer | SupportsInt | SupportsIndex | SupportsTrunc" 
[arg-type]
            return int(self.results.loc[parameter, "rank"]) == expected_ra...
                       ^~~~~~~~~~~~~~~~~~~~~~~~~~~~~~~~~~~
src/nhra_game_theory/domain/validation.py:102: error: Argument 1 to "int" has
incompatible type
"str | bytes | date | datetime | timedelta | <7 more items> | complex | integer[Any] | floating[Any] | complexfloating[Any, Any]";
expected "str | Buffer | SupportsInt | SupportsIndex | SupportsTrunc" 
[arg-type]
            return int(self.results.loc[parameter, "rank"]) <= n
                       ^~~~~~~~~~~~~~~~~~~~~~~~~~~~~~~~~~~
src/nhra_game_theory/domain/validation.py:108: error: Argument 1 to "float" has
incompatible type
"str | bytes | date | datetime | timedelta | <7 more items> | complex | integer[Any] | floating[Any] | complexfloating[Any, Any]";
expected "str | Buffer | SupportsFloat | SupportsIndex"  [arg-type]
            val = float(self.results.loc[parameter, "mu_star"])
                        ^~~~~~~~~~~~~~~~~~~~~~~~~~~~~~~~~~~~~~
src/nhra_game_theory/domain/validation.py:117: error: Argument 1 to "float" has
incompatible type
"str | bytes | date | datetime | timedelta | <7 more items> | complex | integer[Any] | floating[Any] | complexfloating[Any, Any]";
expected "str | Buffer | SupportsFloat | SupportsIndex"  [arg-type]
            val_a = float(self.results.loc[param_a, "mu_star"])
                          ^~~~~~~~~~~~~~~~~~~~~~~~~~~~~~~~~~~~
src/nhra_game_theory/domain/validation.py:118: error: Argument 1 to "float" has
incompatible type
"str | bytes | date | datetime | timedelta | <7 more items> | complex | integer[Any] | floating[Any] | complexfloating[Any, Any]";
expected "str | Buffer | SupportsFloat | SupportsIndex"  [arg-type]
            val_b = float(self.results.loc[param_b, "mu_star"])
                          ^~~~~~~~~~~~~~~~~~~~~~~~~~~~~~~~~~~~
src/nhra_game_theory/domain/validation.py:206: error: Function is missing a
type annotation  [no-untyped-def]
                    def default(self, o):
                    ^
Found 26 errors in 6 files (checked 19 source files)
