Assuming unrestricted shared filesystem usage.
host: Pleiades-M1-14-MBP.local
Building DAG of jobs...
Using shell: /bin/bash
Provided cores: 1 (use --cores to define parallelism)
Rules claiming more threads will be scaled down.
Job stats:
job                      count
---------------------  -------
all                          1
backtest_recursive           1
calibrate                    1
generate_report              1
plot_validation              1
preprocess_historical        1
run_baseline                 1
total                        7

Select jobs to execute...
Execute 1 jobs...
[Thu Dec 25 00:24:38 2025]
localrule calibrate:
    input: data/raw/calibration_targets.csv
    output: data/calibration_v21/calibration_optuna_best.csv, data/calibration_v21/calibration_trials_posterior.csv
    jobid: 3
    reason: Updated input files: data/raw/calibration_targets.csv
    resources: tmpdir=/var/folders/m9/_g3wndrn04d80ys2382r700r0000gn/T
Select jobs to execute...
[Thu Dec 25 00:24:48 2025]
Finished jobid: 3 (Rule: calibrate)
1 of 7 steps (14%) done
Execute 1 jobs...
[Thu Dec 25 00:24:48 2025]
localrule preprocess_historical:
    input: data/raw/historical_aihw_ed.csv
    output: data/calibration_v21/historical_normalized.csv
    jobid: 12
    reason: Updated input files: data/raw/historical_aihw_ed.csv
    resources: tmpdir=/var/folders/m9/_g3wndrn04d80ys2382r700r0000gn/T
Select jobs to execute...
[Thu Dec 25 00:24:51 2025]
Finished jobid: 12 (Rule: preprocess_historical)
2 of 7 steps (29%) done
Execute 1 jobs...
[Thu Dec 25 00:24:51 2025]
localrule run_baseline:
    output: data/baseline_v21/trajectory.csv
    jobid: 4
    reason: Missing output files: data/baseline_v21/trajectory.csv
    resources: tmpdir=/var/folders/m9/_g3wndrn04d80ys2382r700r0000gn/T
Select jobs to execute...
RuleException:
CalledProcessError in file "/Users/doughnut/Library/CloudStorage/OneDrive-VictoriaUniversityofWellington-STAFF/Project - 2025.12 - NHRA Game/Snakefile", line 89:
Command 'set -euo pipefail;  PYTHONPATH=src python scripts/run_baseline_v21.py' returned non-zero exit status 1.
[Thu Dec 25 00:24:52 2025]
Error in rule run_baseline:
    message: None
    jobid: 4
    output: data/baseline_v21/trajectory.csv
    shell:
        PYTHONPATH=src python scripts/run_baseline_v21.py
        (command exited with non-zero exit code)
Shutting down, this might take some time.
Exiting because a job execution failed. Look below for error messages
[Thu Dec 25 00:24:52 2025]
Error in rule run_baseline:
    message: None
    jobid: 4
    output: data/baseline_v21/trajectory.csv
    shell:
        PYTHONPATH=src python scripts/run_baseline_v21.py
        (command exited with non-zero exit code)
Complete log(s): /Users/doughnut/Library/CloudStorage/OneDrive-VictoriaUniversityofWellington-STAFF/Project - 2025.12 - NHRA Game/.snakemake/log/2025-12-25T002435.945541.snakemake.log
WorkflowError:
At least one job did not complete successfully.
