Assuming unrestricted shared filesystem usage.
host: Pleiades-M1-14-MBP.local
Building DAG of jobs...
Using shell: /bin/bash
Provided cores: 1 (use --cores to define parallelism)
Rules claiming more threads will be scaled down.
Job stats:
job                      count
---------------------  -------
all                          1
backtest_recursive           1
calibrate                    1
check_grounding              1
context_pack                 1
generate_report              1
gsa_morris                   1
gsa_sobol                    1
make_d3                      1
plot_validation              1
preprocess_historical        1
render_diagrams              1
run_baseline                 1
total                       13

Select jobs to execute...
Execute 1 jobs...
[Fri Dec 26 17:37:34 2025]
localrule check_grounding:
    output: context/grounding.ok
    jobid: 8
    reason: Forced execution
    resources: tmpdir=/var/folders/m9/_g3wndrn04d80ys2382r700r0000gn/T
[Fri Dec 26 17:37:34 2025]
Finished jobid: 8 (Rule: check_grounding)
1 of 13 steps (8%) done
Select jobs to execute...
Execute 1 jobs...
[Fri Dec 26 17:37:34 2025]
localrule gsa_morris:
    output: data/gsa/morris_results.csv, data/gsa/morris_tornado.png
    jobid: 2
    reason: Forced execution
    resources: tmpdir=/var/folders/m9/_g3wndrn04d80ys2382r700r0000gn/T
Select jobs to execute...
[Fri Dec 26 17:37:55 2025]
Finished jobid: 2 (Rule: gsa_morris)
2 of 13 steps (15%) done
Execute 1 jobs...
[Fri Dec 26 17:37:55 2025]
localrule calibrate:
    input: data/raw/calibration_targets.csv
    output: data/calibration/calibration_optuna_best.csv, data/calibration/calibration_trials_posterior.csv
    jobid: 3
    reason: Forced execution
    resources: tmpdir=/var/folders/m9/_g3wndrn04d80ys2382r700r0000gn/T
Select jobs to execute...
[Fri Dec 26 17:38:43 2025]
Finished jobid: 3 (Rule: calibrate)
3 of 13 steps (23%) done
Execute 1 jobs...
[Fri Dec 26 17:38:43 2025]
localrule render_diagrams:
    output: outputs/diagrams/games_network_minimal.png
    jobid: 5
    reason: Forced execution
    resources: tmpdir=/var/folders/m9/_g3wndrn04d80ys2382r700r0000gn/T
Select jobs to execute...
