Assuming unrestricted shared filesystem usage.
host: Pleiades-M1-14-MBP.local
Building DAG of jobs...
Using shell: /bin/bash
Provided cores: 1 (use --cores to define parallelism)
Rules claiming more threads will be scaled down.
Job stats:
job                   count
------------------  -------
all                       1
backtest_recursive        1
generate_report           1
plot_validation           1
total                     4

Select jobs to execute...
Execute 1 jobs...
[Thu Dec 25 07:26:53 2025]
localrule backtest_recursive:
    input: data/calibration_v21/historical_normalized.csv
    output: data/calibration_v21/recursive_results.json
    jobid: 11
    reason: Updated input files: data/calibration_v21/historical_normalized.csv
    resources: tmpdir=/var/folders/m9/_g3wndrn04d80ys2382r700r0000gn/T
[Thu Dec 25 07:26:55 2025]
Finished jobid: 11 (Rule: backtest_recursive)
1 of 4 steps (25%) done
Select jobs to execute...
Execute 1 jobs...
[Thu Dec 25 07:26:55 2025]
localrule plot_validation:
    input: data/calibration_v21/recursive_results.json
    output: outputs/validation/theil_decomposition.png
    jobid: 13
    reason: Input files updated by another job: data/calibration_v21/recursive_results.json
    resources: tmpdir=/var/folders/m9/_g3wndrn04d80ys2382r700r0000gn/T
[Thu Dec 25 07:26:56 2025]
Finished jobid: 13 (Rule: plot_validation)
2 of 4 steps (50%) done
Select jobs to execute...
Execute 1 jobs...
[Thu Dec 25 07:26:56 2025]
localrule generate_report:
    input: data/calibration_v21/recursive_results.json, outputs/validation/theil_decomposition.png, data/gsa_v21/morris_results.csv
    output: reports/validation_report_v21.md
    jobid: 10
    reason: Input files updated by another job: data/calibration_v21/recursive_results.json, outputs/validation/theil_decomposition.png
    resources: tmpdir=/var/folders/m9/_g3wndrn04d80ys2382r700r0000gn/T
[Thu Dec 25 07:26:57 2025]
Finished jobid: 10 (Rule: generate_report)
3 of 4 steps (75%) done
Select jobs to execute...
Execute 1 jobs...
[Thu Dec 25 07:26:57 2025]
localrule all:
    input: data/gsa_v21/sensitivity_summary.md, data/calibration_v21/calibration_optuna_best.csv, data/baseline_v21/tables/trajectory.csv, outputs/v8/plots/tradeoff_scatter.png, outputs/v9/diagrams/games_network_minimal_v9.png, outputs/v9/interactive/games_network_d3.html, context/CONTEXT_PACK.md, context/grounding.ok, reports/validation_report_v21.md
    jobid: 0
    reason: Input files updated by another job: reports/validation_report_v21.md
    resources: tmpdir=/var/folders/m9/_g3wndrn04d80ys2382r700r0000gn/T
[Thu Dec 25 07:26:57 2025]
Finished jobid: 0 (Rule: all)
4 of 4 steps (100%) done
Complete log(s): /Users/doughnut/Library/CloudStorage/OneDrive-VictoriaUniversityofWellington-STAFF/Project - 2025.12 - NHRA Game/.snakemake/log/2025-12-25T072653.592459.snakemake.log
