Assuming unrestricted shared filesystem usage.
host: Pleiades-M1-14-MBP.local
Building DAG of jobs...
Using shell: /bin/bash
Provided cores: 1 (use --cores to define parallelism)
Rules claiming more threads will be scaled down.
Job stats:
job             count
------------  -------
run_baseline        1
total               1

Select jobs to execute...
Execute 1 jobs...
[Thu Dec 25 20:07:03 2025]
localrule run_baseline:
    output: data/baseline_v21/tables/trajectory.csv
    jobid: 0
    reason: Forced execution
    resources: tmpdir=/var/folders/m9/_g3wndrn04d80ys2382r700r0000gn/T
[Thu Dec 25 20:07:08 2025]
Finished jobid: 0 (Rule: run_baseline)
1 of 1 steps (100%) done
Complete log(s): /Users/doughnut/Library/CloudStorage/OneDrive-VictoriaUniversityofWellington-STAFF/Project - 2025.12 - NHRA Game/.snakemake/log/2025-12-25T200703.110205.snakemake.log
