Assuming unrestricted shared filesystem usage.
host: Pleiades-M1-14-MBP.local
Building DAG of jobs...
Using shell: /bin/bash
Provided cores: 1 (use --cores to define parallelism)
Rules claiming more threads will be scaled down.
Job stats:
job             count
------------  -------
run_baseline        1
total               1

Select jobs to execute...
Execute 1 jobs...
[Sat Dec 27 19:00:53 2025]
localrule run_baseline:
    output: data/baseline/tables/trajectory.csv
    jobid: 0
    reason: Forced execution
    resources: tmpdir=/var/folders/m9/_g3wndrn04d80ys2382r700r0000gn/T
RuleException:
CalledProcessError in file "/Users/doughnut/Library/CloudStorage/OneDrive-VictoriaUniversityofWellington-STAFF/Project - 2025.12 - NHRA Game/Snakefile", line 88:
Command 'set -euo pipefail;  PYTHONPATH=src python scripts/run_baseline.py' returned non-zero exit status 1.
[Sat Dec 27 19:00:59 2025]
Error in rule run_baseline:
    message: None
    jobid: 0
    output: data/baseline/tables/trajectory.csv
    shell:
        PYTHONPATH=src python scripts/run_baseline.py
        (command exited with non-zero exit code)
Shutting down, this might take some time.
Exiting because a job execution failed. Look below for error messages
[Sat Dec 27 19:00:59 2025]
Error in rule run_baseline:
    message: None
    jobid: 0
    output: data/baseline/tables/trajectory.csv
    shell:
        PYTHONPATH=src python scripts/run_baseline.py
        (command exited with non-zero exit code)
Complete log(s): /Users/doughnut/Library/CloudStorage/OneDrive-VictoriaUniversityofWellington-STAFF/Project - 2025.12 - NHRA Game/.snakemake/log/2025-12-27T190053.666159.snakemake.log
WorkflowError:
At least one job did not complete successfully.
