Assuming unrestricted shared filesystem usage.
host: Pleiades-M1-14-MBP.local
Building DAG of jobs...
Using shell: /bin/bash
Provided cores: 1 (use --cores to define parallelism)
Rules claiming more threads will be scaled down.
Job stats:
job                      count
---------------------  -------
all                          1
backtest_recursive           1
calibrate                    1
check_grounding              1
context_pack                 1
generate_report              1
gsa_morris                   1
gsa_sobol                    1
make_d3                      1
plot_validation              1
preprocess_historical        1
render_diagrams              1
run_baseline                 1
total                       13

Select jobs to execute...
Execute 1 jobs...
[Fri Dec 26 18:02:08 2025]
localrule check_grounding:
    output: context/grounding.ok
    jobid: 8
    reason: Forced execution
    resources: tmpdir=/var/folders/m9/_g3wndrn04d80ys2382r700r0000gn/T
[Fri Dec 26 18:02:09 2025]
Finished jobid: 8 (Rule: check_grounding)
1 of 13 steps (8%) done
Select jobs to execute...
Execute 1 jobs...
[Fri Dec 26 18:02:09 2025]
localrule gsa_morris:
    output: data/gsa/morris_results.csv, data/gsa/morris_tornado.png
    jobid: 2
    reason: Forced execution
    resources: tmpdir=/var/folders/m9/_g3wndrn04d80ys2382r700r0000gn/T
Select jobs to execute...
[Fri Dec 26 18:02:30 2025]
Finished jobid: 2 (Rule: gsa_morris)
2 of 13 steps (15%) done
Execute 1 jobs...
[Fri Dec 26 18:02:30 2025]
localrule calibrate:
    input: data/raw/calibration_targets.csv
    output: data/calibration/calibration_optuna_best.csv, data/calibration/calibration_trials_posterior.csv
    jobid: 3
    reason: Forced execution
    resources: tmpdir=/var/folders/m9/_g3wndrn04d80ys2382r700r0000gn/T
Select jobs to execute...
[Fri Dec 26 18:03:18 2025]
Finished jobid: 3 (Rule: calibrate)
3 of 13 steps (23%) done
Execute 1 jobs...
[Fri Dec 26 18:03:18 2025]
localrule render_diagrams:
    output: outputs/diagrams/games_network_minimal.png
    jobid: 5
    reason: Forced execution
    resources: tmpdir=/var/folders/m9/_g3wndrn04d80ys2382r700r0000gn/T
Select jobs to execute...
[Fri Dec 26 18:04:32 2025]
Finished jobid: 5 (Rule: render_diagrams)
4 of 13 steps (31%) done
Execute 1 jobs...
[Fri Dec 26 18:04:32 2025]
localrule context_pack:
    output: context/CONTEXT_PACK.md
    jobid: 7
    reason: Forced execution
    resources: tmpdir=/var/folders/m9/_g3wndrn04d80ys2382r700r0000gn/T
[Fri Dec 26 18:04:32 2025]
Finished jobid: 7 (Rule: context_pack)
5 of 13 steps (38%) done
Select jobs to execute...
Execute 1 jobs...
[Fri Dec 26 18:04:32 2025]
localrule preprocess_historical:
    input: data/raw/historical_aihw_ed.csv
    output: data/calibration/historical_normalized.csv
    jobid: 11
    reason: Forced execution
    resources: tmpdir=/var/folders/m9/_g3wndrn04d80ys2382r700r0000gn/T
Select jobs to execute...
[Fri Dec 26 18:04:33 2025]
Finished jobid: 11 (Rule: preprocess_historical)
6 of 13 steps (46%) done
Execute 1 jobs...
[Fri Dec 26 18:04:33 2025]
localrule backtest_recursive:
    input: data/calibration/historical_normalized.csv
    output: data/calibration/recursive_results.json
    jobid: 10
    reason: Forced execution
    resources: tmpdir=/var/folders/m9/_g3wndrn04d80ys2382r700r0000gn/T
Select jobs to execute...
[Fri Dec 26 18:04:39 2025]
Finished jobid: 10 (Rule: backtest_recursive)
7 of 13 steps (54%) done
Execute 1 jobs...
[Fri Dec 26 18:04:39 2025]
localrule plot_validation:
    input: data/calibration/recursive_results.json
    output: outputs/validation/theil_decomposition.png
    jobid: 12
    reason: Forced execution
    resources: tmpdir=/var/folders/m9/_g3wndrn04d80ys2382r700r0000gn/T
Select jobs to execute...
[Fri Dec 26 18:04:41 2025]
Finished jobid: 12 (Rule: plot_validation)
8 of 13 steps (62%) done
Execute 1 jobs...
[Fri Dec 26 18:04:41 2025]
localrule gsa_sobol:
    input: data/gsa/morris_results.csv
    output: data/gsa/sobol_results.csv, data/gsa/sensitivity_summary.md
    jobid: 1
    reason: Forced execution
    resources: tmpdir=/var/folders/m9/_g3wndrn04d80ys2382r700r0000gn/T
Select jobs to execute...
[Fri Dec 26 18:06:35 2025]
Finished jobid: 1 (Rule: gsa_sobol)
9 of 13 steps (69%) done
Execute 1 jobs...
[Fri Dec 26 18:06:35 2025]
localrule generate_report:
    input: data/calibration/recursive_results.json, outputs/validation/theil_decomposition.png, data/gsa/morris_results.csv
    output: reports/validation_report.md
    jobid: 9
    reason: Forced execution
    resources: tmpdir=/var/folders/m9/_g3wndrn04d80ys2382r700r0000gn/T
Select jobs to execute...
[Fri Dec 26 18:06:36 2025]
Finished jobid: 9 (Rule: generate_report)
10 of 13 steps (77%) done
Execute 1 jobs...
[Fri Dec 26 18:06:36 2025]
localrule make_d3:
    input: outputs/diagrams/games_network_minimal.png
    output: outputs/interactive/games_network_d3.html
    jobid: 6
    reason: Forced execution
    resources: tmpdir=/var/folders/m9/_g3wndrn04d80ys2382r700r0000gn/T
Select jobs to execute...
[Fri Dec 26 18:06:36 2025]
Finished jobid: 6 (Rule: make_d3)
11 of 13 steps (85%) done
Execute 1 jobs...
[Fri Dec 26 18:06:37 2025]
localrule run_baseline:
    output: data/baseline/tables/trajectory.csv
    jobid: 4
    reason: Forced execution
    resources: tmpdir=/var/folders/m9/_g3wndrn04d80ys2382r700r0000gn/T
[Fri Dec 26 18:07:48 2025]
Finished jobid: 4 (Rule: run_baseline)
12 of 13 steps (92%) done
Select jobs to execute...
Execute 1 jobs...
[Fri Dec 26 18:07:48 2025]
localrule all:
    input: data/gsa/sensitivity_summary.md, data/calibration/calibration_optuna_best.csv, data/baseline/tables/trajectory.csv, outputs/diagrams/games_network_minimal.png, outputs/interactive/games_network_d3.html, context/CONTEXT_PACK.md, context/grounding.ok, reports/validation_report.md
    jobid: 0
    reason: Forced execution
    resources: tmpdir=/var/folders/m9/_g3wndrn04d80ys2382r700r0000gn/T
[Fri Dec 26 18:07:48 2025]
Finished jobid: 0 (Rule: all)
13 of 13 steps (100%) done
Complete log(s): /Users/doughnut/Library/CloudStorage/OneDrive-VictoriaUniversityofWellington-STAFF/Project - 2025.12 - NHRA Game/.snakemake/log/2025-12-26T180208.157438.snakemake.log
