Assuming unrestricted shared filesystem usage.
host: Pleiades-M1-14-MBP.local
Building DAG of jobs...
Using shell: /bin/bash
Provided cores: 1 (use --cores to define parallelism)
Rules claiming more threads will be scaled down.
Job stats:
job             count
------------  -------
context_pack        1
total               1

Select jobs to execute...
Execute 1 jobs...
[Sat Dec 27 20:51:15 2025]
localrule context_pack:
    output: context/CONTEXT_PACK.md
    jobid: 0
    reason: Forced execution
    resources: tmpdir=/var/folders/m9/_g3wndrn04d80ys2382r700r0000gn/T
Will exit after finishing currently running jobs (scheduler).
RuleException:
CalledProcessError in file "/Users/doughnut/Library/CloudStorage/OneDrive-VictoriaUniversityofWellington-STAFF/Project - 2025.12 - NHRA Game/Snakefile", line 108:
Command 'set -euo pipefail;  python scripts/build_context_pack.py' died with <Signals.SIGTERM: 15>.
[Sat Dec 27 20:55:31 2025]
Error in rule context_pack:
    message: None
    jobid: 0
    output: context/CONTEXT_PACK.md
    shell:
        python scripts/build_context_pack.py
        (command exited with non-zero exit code)
Will exit after finishing currently running jobs (scheduler).
Shutting down, this might take some time.
