Assuming unrestricted shared filesystem usage.
host: Pleiades-M1-14-MBP.local
Building DAG of jobs...
Using shell: /bin/bash
Provided cores: 1 (use --cores to define parallelism)
Rules claiming more threads will be scaled down.
Job stats:
job             count
------------  -------
context_pack        1
run_baseline        1
total               2

Select jobs to execute...
Execute 1 jobs...
[Fri Dec 26 23:33:20 2025]
localrule run_baseline:
    output: data/baseline/tables/trajectory.csv
    jobid: 0
    reason: Forced execution
    resources: tmpdir=/var/folders/m9/_g3wndrn04d80ys2382r700r0000gn/T
Select jobs to execute...
[Fri Dec 26 23:33:59 2025]
Finished jobid: 0 (Rule: run_baseline)
1 of 2 steps (50%) done
Execute 1 jobs...
[Fri Dec 26 23:33:59 2025]
localrule context_pack:
    output: context/CONTEXT_PACK.md
    jobid: 1
    reason: Forced execution
    resources: tmpdir=/var/folders/m9/_g3wndrn04d80ys2382r700r0000gn/T
[Fri Dec 26 23:33:59 2025]
Finished jobid: 1 (Rule: context_pack)
2 of 2 steps (100%) done
Complete log(s): /Users/doughnut/Library/CloudStorage/OneDrive-VictoriaUniversityofWellington-STAFF/Project - 2025.12 - NHRA Game/.snakemake/log/2025-12-26T233318.453156.snakemake.log
